[     1s] GAP: partition 0 jumped from seq 0 to 9
[     1s] GAP: partition 0 jumped from seq 42 to 50
[     1s] GAP: partition 1 jumped from seq 0 to 25
[     1s] GAP: partition 1 jumped from seq 42 to 50
[     1s] GAP: partition 2 jumped from seq 8 to 33
[     1s] GAP: partition 2 jumped from seq 42 to 50
[     1s] GAP: partition 3 jumped from seq 0 to 8
[     1s] GAP: partition 3 jumped from seq 42 to 50
[     1s] GAP: partition 4 jumped from seq 8 to 41
[     1s] GAP: partition 5 jumped from seq 0 to 25
[     1s] GAP: partition 5 jumped from seq 41 to 50
[     1s] GAP: partition 0 jumped from seq 125 to 150
[     1s] GAP: partition 1 jumped from seq 125 to 150
[     1s] GAP: partition 3 jumped from seq 125 to 150
[     1s] GAP: partition 5 jumped from seq 125 to 150
[     1s] GAP: partition 2 jumped from seq 125 to 150
[     1s] GAP: partition 3 jumped from seq 181 to 192
[     1s] GAP: partition 4 jumped from seq 187 to 191
[     1s] GAP: partition 5 jumped from seq 181 to 191
[     1s] GAP: partition 0 jumped from seq 181 to 192
[     1s] GAP: partition 1 jumped from seq 181 to 192
[     1s] GAP: partition 2 jumped from seq 181 to 192
[     1s] GAP: partition 2 jumped from seq 208 to 239
[     1s] GAP: partition 3 jumped from seq 200 to 239
[     1s] GAP: partition 4 jumped from seq 208 to 239
[     1s] GAP: partition 0 jumped from seq 209 to 240
[     2s] GAP: partition 4 jumped from seq 316 to 341
[     2s] GAP: partition 0 jumped from seq 317 to 342
[     2s] GAP: partition 1 jumped from seq 317 to 342
[     2s] GAP: partition 2 jumped from seq 317 to 342
[     2s] GAP: partition 3 jumped from seq 317 to 342
[     2s] GAP: partition 5 jumped from seq 316 to 341
[   600s] chaos: stopping broker kacrab-kafka2
[   601s] GAP: partition 5 jumped from seq 100083 to 100091
[   601s] GAP: partition 0 jumped from seq 100084 to 100092
[   601s] GAP: partition 1 jumped from seq 100084 to 100092
[   601s] GAP: partition 2 jumped from seq 100083 to 100092
[   601s] GAP: partition 3 jumped from seq 100083 to 100092
[   601s] GAP: partition 4 jumped from seq 100083 to 100091
[   601s] GAP: partition 1 jumped from seq 100117 to 100184
[   601s] GAP: partition 2 jumped from seq 100117 to 100183
[   601s] GAP: partition 3 jumped from seq 100117 to 100183
[   601s] GAP: partition 4 jumped from seq 100116 to 100183
[   601s] GAP: partition 5 jumped from seq 100116 to 100183
[   601s] GAP: partition 0 jumped from seq 100117 to 100184
[   601s] GAP: partition 5 jumped from seq 100191 to 100216
[   601s] GAP: partition 2 jumped from seq 100192 to 100217
[   601s] GAP: partition 4 jumped from seq 100191 to 100216
[   601s] GAP: partition 0 jumped from seq 100192 to 100217
[   601s] GAP: partition 1 jumped from seq 100192 to 100217
[   601s] GAP: partition 3 jumped from seq 100192 to 100217
[   648s] chaos: started broker kacrab-kafka2
[   900s] chaos: bouncing consumer 0
[  1248s] chaos: stopping broker kacrab-kafka3
[  1296s] chaos: started broker kacrab-kafka3
[  1800s] chaos: bouncing consumer 1
[  1897s] chaos: stopping broker kacrab-kafka2
[  1945s] chaos: started broker kacrab-kafka2
[  2545s] chaos: stopping broker kacrab-kafka3
[  2593s] chaos: started broker kacrab-kafka3
[  2700s] chaos: bouncing consumer 0
[  3193s] chaos: stopping broker kacrab-kafka2
[  3242s] chaos: started broker kacrab-kafka2
[  3600s] chaos: bouncing consumer 1
[  3842s] chaos: stopping broker kacrab-kafka3
[  3890s] chaos: started broker kacrab-kafka3
[  4490s] chaos: stopping broker kacrab-kafka2
[  4500s] chaos: bouncing consumer 0
[  4539s] chaos: started broker kacrab-kafka2
[  5139s] chaos: stopping broker kacrab-kafka3
[  5187s] chaos: started broker kacrab-kafka3
[  5401s] chaos: bouncing consumer 1
[  5787s] chaos: stopping broker kacrab-kafka2
[  5836s] chaos: started broker kacrab-kafka2
[  6301s] chaos: bouncing consumer 0
[  6436s] chaos: stopping broker kacrab-kafka3
[  6484s] chaos: started broker kacrab-kafka3
[  7084s] chaos: stopping broker kacrab-kafka2
[  7132s] chaos: started broker kacrab-kafka2
[  7201s] chaos: bouncing consumer 1
[  7732s] chaos: stopping broker kacrab-kafka3
[  7781s] chaos: started broker kacrab-kafka3
[  8101s] chaos: bouncing consumer 0
[  8381s] chaos: stopping broker kacrab-kafka2
[  8429s] chaos: started broker kacrab-kafka2
[  9001s] chaos: bouncing consumer 1
[  9030s] chaos: stopping broker kacrab-kafka3
[  9078s] chaos: started broker kacrab-kafka3
[  9678s] chaos: stopping broker kacrab-kafka2
[  9726s] chaos: started broker kacrab-kafka2
[  9901s] chaos: bouncing consumer 0
[ 10326s] chaos: stopping broker kacrab-kafka3
[ 10375s] chaos: started broker kacrab-kafka3
[ 10801s] chaos: bouncing consumer 1
[ 10975s] chaos: stopping broker kacrab-kafka2
[ 11023s] chaos: started broker kacrab-kafka2
[ 11623s] chaos: stopping broker kacrab-kafka3
[ 11671s] chaos: started broker kacrab-kafka3
[ 11701s] chaos: bouncing consumer 0
[ 12272s] chaos: stopping broker kacrab-kafka2
[ 12320s] chaos: started broker kacrab-kafka2
[ 12602s] chaos: bouncing consumer 1
[ 12920s] chaos: stopping broker kacrab-kafka3
[ 12969s] chaos: started broker kacrab-kafka3
[ 12998s] WEDGE: no consumption progress for 90s — bouncing all consumers
[ 13015s] chaos: bouncing consumer 0
[ 13018s] chaos: bouncing consumer 1
[ 13088s] WEDGE: no consumption progress for 90s — bouncing all consumers
[ 13113s] chaos: bouncing consumer 0
[ 13117s] chaos: bouncing consumer 1
[ 13179s] WEDGE: no consumption progress for 90s — bouncing all consumers
[ 13210s] chaos: bouncing consumer 1
[ 13210s] chaos: bouncing consumer 0
[ 13269s] WEDGE: no consumption progress for 90s — bouncing all consumers
[ 13273s] chaos: bouncing consumer 0
[ 13274s] chaos: bouncing consumer 1
[ 13360s] WEDGE: no consumption progress for 90s — bouncing all consumers
[ 13371s] chaos: bouncing consumer 1
[ 13374s] chaos: bouncing consumer 0
[ 13450s] WEDGE: no consumption progress for 90s — bouncing all consumers
[ 13465s] chaos: bouncing consumer 0
[ 13467s] chaos: bouncing consumer 1
[ 13531s] chaos: bouncing consumer 0
[ 13541s] WEDGE: no consumption progress for 90s — bouncing all consumers
[ 13560s] chaos: bouncing consumer 1
[ 13564s] chaos: bouncing consumer 0
[ 13569s] chaos: stopping broker kacrab-kafka2
[ 13617s] chaos: started broker kacrab-kafka2
[ 13631s] WEDGE: no consumption progress for 90s — bouncing all consumers
[ 13656s] chaos: bouncing consumer 1
[ 13663s] chaos: bouncing consumer 0
[ 13721s] WEDGE: no consumption progress for 90s — bouncing all consumers
[ 13724s] chaos: bouncing consumer 1
[ 13729s] chaos: bouncing consumer 0
[ 13812s] WEDGE: no consumption progress for 90s — bouncing all consumers
[ 13823s] chaos: bouncing consumer 1
[ 13830s] chaos: bouncing consumer 0
[ 13902s] WEDGE: no consumption progress for 90s — bouncing all consumers
[ 13925s] chaos: bouncing consumer 0
[ 13928s] chaos: bouncing consumer 1
[ 13993s] WEDGE: no consumption progress for 90s — bouncing all consumers
[ 14023s] chaos: bouncing consumer 0
[ 14024s] chaos: bouncing consumer 1
[ 14083s] WEDGE: no consumption progress for 90s — bouncing all consumers
[ 14084s] chaos: bouncing consumer 0
[ 14091s] chaos: bouncing consumer 1
[ 14218s] chaos: stopping broker kacrab-kafka3
[ 14266s] chaos: started broker kacrab-kafka3
[ 14402s] chaos: bouncing consumer 1
[ 14866s] chaos: stopping broker kacrab-kafka2
[ 14914s] chaos: started broker kacrab-kafka2
[ 15303s] chaos: bouncing consumer 0
[ 15515s] chaos: stopping broker kacrab-kafka3
[ 15563s] chaos: started broker kacrab-kafka3
[ 16163s] chaos: stopping broker kacrab-kafka2
[ 16203s] chaos: bouncing consumer 1
[ 16211s] chaos: started broker kacrab-kafka2
[ 16811s] chaos: stopping broker kacrab-kafka3
[ 16860s] chaos: started broker kacrab-kafka3
[ 17103s] chaos: bouncing consumer 0
[ 17460s] chaos: stopping broker kacrab-kafka2
[ 17508s] chaos: started broker kacrab-kafka2
[ 18000s] producer stopped; draining consumer tail
